../Core/Src/main.c:72:6:delay	16	static
../Core/Src/main.c:89:6:HAL_TIM_IC_CaptureCallback	16	static
../Core/Src/main.c:192:6:HCSR04_Read	8	static
../Core/Src/main.c:200:6:HCSR04_Read_1	8	static
../Core/Src/main.c:208:6:HCSR04_Read_2	8	static
../Core/Src/main.c:217:6:tien_len	8	static
../Core/Src/main.c:238:6:lui_lai	8	static
../Core/Src/main.c:259:6:qua_trai	8	static
../Core/Src/main.c:280:6:qua_phai	8	static
../Core/Src/main.c:301:6:dung_lai	8	static
../Core/Src/main.c:317:6:work_trai	16	static
../Core/Src/main.c:363:6:work_phai	8	static
../Core/Src/main.c:412:5:main	8	static
../Core/Src/main.c:586:6:SystemClock_Config	88	static
../Core/Src/main.c:628:13:MX_TIM1_Init	32	static
../Core/Src/main.c:685:13:MX_TIM3_Init	48	static
../Core/Src/main.c:746:13:MX_TIM4_Init	64	static
../Core/Src/main.c:813:13:MX_GPIO_Init	48	static
../Core/Src/main.c:870:6:Error_Handler	4	static,ignoring_inline_asm
